R1>
R1>terminal width 511
R1>terminal length 0
R1>
R1>
R1>enable
Password: 
R1#
R1#
R1#configure terminal
Enter configuration commands, one per line.  End with CNTL/Z.
R1(config)#
R1(config)#interface g0/1.20
R1(config-subif)#encapsulation dot1Q 20
R1(config-subif)#ip address 192.168.20.1 255.255.255.128
R1(config-subif)#interface g0/1.30
R1(config-subif)#encapsulation dot1Q 30
R1(config-subif)#ip address 192.168.30.1 255.255.255.192
R1(config-subif)#interface g0/1.99
R1(config-subif)#
R1(config-subif)#end
R1#
R1#
R1#exit
